Archive member included to satisfy reference by file (symbol)

c:/program files (x86)/atmel/studio/7.0/toolchain/avr8/avr8-gnu-toolchain/bin/../lib/gcc/avr/5.4.0/avr5\libgcc.a(_udivmodsi4.o)
                              MCAL/timer/timer.o (__udivmodsi4)
c:/program files (x86)/atmel/studio/7.0/toolchain/avr8/avr8-gnu-toolchain/bin/../lib/gcc/avr/5.4.0/avr5\libgcc.a(_divmodsi4.o)
                              ECUAL/lcd/LCD.o (__divmodsi4)
c:/program files (x86)/atmel/studio/7.0/toolchain/avr8/avr8-gnu-toolchain/bin/../lib/gcc/avr/5.4.0/avr5\libgcc.a(_negsi2.o)
                              c:/program files (x86)/atmel/studio/7.0/toolchain/avr8/avr8-gnu-toolchain/bin/../lib/gcc/avr/5.4.0/avr5\libgcc.a(_divmodsi4.o) (__negsi2)
c:/program files (x86)/atmel/studio/7.0/toolchain/avr8/avr8-gnu-toolchain/bin/../lib/gcc/avr/5.4.0/avr5\libgcc.a(_exit.o)
                              C:/Program Files (x86)/Atmel/Studio/7.0/Packs/atmel/ATmega_DFP/1.6.364/gcc/dev/atmega32a/avr5/crtatmega32a.o (exit)
c:/program files (x86)/atmel/studio/7.0/toolchain/avr8/avr8-gnu-toolchain/bin/../lib/gcc/avr/5.4.0/avr5\libgcc.a(_copy_data.o)
                              APP/app.o (__do_copy_data)
c:/program files (x86)/atmel/studio/7.0/toolchain/avr8/avr8-gnu-toolchain/bin/../lib/gcc/avr/5.4.0/avr5\libgcc.a(_clear_bss.o)
                              APP/app.o (__do_clear_bss)
c:/program files (x86)/atmel/studio/7.0/toolchain/avr8/avr8-gnu-toolchain/bin/../lib/gcc/avr/5.4.0/avr5\libgcc.a(_umulhisi3.o)
                              ECUAL/lcd/LCD.o (__umulhisi3)
c:/program files (x86)/atmel/studio/7.0/toolchain/avr8/avr8-gnu-toolchain/bin/../lib/gcc/avr/5.4.0/avr5\libgcc.a(_muluhisi3.o)
                              MCAL/timer/timer.o (__muluhisi3)

Allocating common symbols
Common symbol       size              file

u16_g_onTime        0x2               MCAL/timer/timer.o
u16_g_offTime       0x2               MCAL/timer/timer.o

Discarded input sections

 .data          0x00000000        0x0 C:/Program Files (x86)/Atmel/Studio/7.0/Packs/atmel/ATmega_DFP/1.6.364/gcc/dev/atmega32a/avr5/crtatmega32a.o
 .bss           0x00000000        0x0 C:/Program Files (x86)/Atmel/Studio/7.0/Packs/atmel/ATmega_DFP/1.6.364/gcc/dev/atmega32a/avr5/crtatmega32a.o
 .text          0x00000000        0x0 APP/app.o
 .data          0x00000000        0x0 APP/app.o
 .bss           0x00000000        0x0 APP/app.o
 .text.APP_testingEEPROM
                0x00000000       0x84 APP/app.o
 .text.APP_deleteAll
                0x00000000       0x48 APP/app.o
 .text.APP_testingUART
                0x00000000       0x5e APP/app.o
 .bss.userState
                0x00000000        0x1 APP/app.o
 .text          0x00000000        0x0 ECUAL/eeprom/eeprom.o
 .data          0x00000000        0x0 ECUAL/eeprom/eeprom.o
 .bss           0x00000000        0x0 ECUAL/eeprom/eeprom.o
 .text.EEPROM_writeByte
                0x00000000       0x5c ECUAL/eeprom/eeprom.o
 .text.EEPROM_readByte
                0x00000000       0x7a ECUAL/eeprom/eeprom.o
 .text.eeprom_WriteString
                0x00000000       0x48 ECUAL/eeprom/eeprom.o
 .text.eeprom_ReadString
                0x00000000       0x50 ECUAL/eeprom/eeprom.o
 .text          0x00000000        0x0 ECUAL/lcd/LCD.o
 .data          0x00000000        0x0 ECUAL/lcd/LCD.o
 .bss           0x00000000        0x0 ECUAL/lcd/LCD.o
 .text.LCD_WriteData
                0x00000000       0xe2 ECUAL/lcd/LCD.o
 .text.LCD_WriteChar
                0x00000000        0x6 ECUAL/lcd/LCD.o
 .text.LCD_WriteString
                0x00000000       0x26 ECUAL/lcd/LCD.o
 .text.LCD_SetCursor
                0x00000000       0x1c ECUAL/lcd/LCD.o
 .text.LCD_Clear
                0x00000000       0x16 ECUAL/lcd/LCD.o
 .text.LCD_WriteNumber
                0x00000000       0xc2 ECUAL/lcd/LCD.o
 .text.LCD_ClearLoc
                0x00000000       0x20 ECUAL/lcd/LCD.o
 .text.LCD_WriteNumber_3D
                0x00000000      0x142 ECUAL/lcd/LCD.o
 .text.LCD_CustomChar
                0x00000000       0x3a ECUAL/lcd/LCD.o
 .text          0x00000000        0x0 ECUAL/trigger/trigger.o
 .data          0x00000000        0x0 ECUAL/trigger/trigger.o
 .bss           0x00000000        0x0 ECUAL/trigger/trigger.o
 .text          0x00000000        0x0 main.o
 .data          0x00000000        0x0 main.o
 .bss           0x00000000        0x0 main.o
 .text          0x00000000        0x0 MCAL/dio/dio.o
 .data          0x00000000        0x0 MCAL/dio/dio.o
 .bss           0x00000000        0x0 MCAL/dio/dio.o
 .text.DIO_toggle
                0x00000000       0x82 MCAL/dio/dio.o
 .text.DIO_read
                0x00000000       0x82 MCAL/dio/dio.o
 .text.DIO_pinPullUp
                0x00000000      0x116 MCAL/dio/dio.o
 .text          0x00000000        0x0 MCAL/i2c/i2c.o
 .data          0x00000000        0x0 MCAL/i2c/i2c.o
 .bss           0x00000000        0x0 MCAL/i2c/i2c.o
 .text          0x00000000        0x0 MCAL/spi/spi.o
 .data          0x00000000        0x0 MCAL/spi/spi.o
 .bss           0x00000000        0x0 MCAL/spi/spi.o
 .text.SPI_initSlave
                0x00000000       0x30 MCAL/spi/spi.o
 .text.SPI_stopTransmission
                0x00000000        0xc MCAL/spi/spi.o
 .text.SPI_sendString
                0x00000000        0xe MCAL/spi/spi.o
 .text.SPI_receiveString
                0x00000000       0x18 MCAL/spi/spi.o
 .text          0x00000000        0x0 MCAL/timer/timer.o
 .data          0x00000000        0x0 MCAL/timer/timer.o
 .bss           0x00000000        0x0 MCAL/timer/timer.o
 .text.TIMER_setTime
                0x00000000      0x13c MCAL/timer/timer.o
 .text.TIMER_pwmGenerator
                0x00000000       0x6c MCAL/timer/timer.o
 .text.TIMER_stop
                0x00000000       0x5c MCAL/timer/timer.o
 .text.TIMER_setCallBack
                0x00000000       0x30 MCAL/timer/timer.o
 .bss.flag.1669
                0x00000000        0x1 MCAL/timer/timer.o
 .bss.TIMER_1_callBack
                0x00000000        0x2 MCAL/timer/timer.o
 .bss.u32_g_timer0NumberOfCTCs
                0x00000000        0x4 MCAL/timer/timer.o
 .text          0x00000000        0x0 MCAL/uart/uart.o
 .data          0x00000000        0x0 MCAL/uart/uart.o
 .bss           0x00000000        0x0 MCAL/uart/uart.o
 .text.UART_recieveString
                0x00000000       0x44 MCAL/uart/uart.o
 .text          0x00000000        0x0 c:/program files (x86)/atmel/studio/7.0/toolchain/avr8/avr8-gnu-toolchain/bin/../lib/gcc/avr/5.4.0/avr5\libgcc.a(_udivmodsi4.o)
 .data          0x00000000        0x0 c:/program files (x86)/atmel/studio/7.0/toolchain/avr8/avr8-gnu-toolchain/bin/../lib/gcc/avr/5.4.0/avr5\libgcc.a(_udivmodsi4.o)
 .bss           0x00000000        0x0 c:/program files (x86)/atmel/studio/7.0/toolchain/avr8/avr8-gnu-toolchain/bin/../lib/gcc/avr/5.4.0/avr5\libgcc.a(_udivmodsi4.o)
 .text.libgcc.mul
                0x00000000        0x0 c:/program files (x86)/atmel/studio/7.0/toolchain/avr8/avr8-gnu-toolchain/bin/../lib/gcc/avr/5.4.0/avr5\libgcc.a(_udivmodsi4.o)
 .text.libgcc.div
                0x00000000       0x44 c:/program files (x86)/atmel/studio/7.0/toolchain/avr8/avr8-gnu-toolchain/bin/../lib/gcc/avr/5.4.0/avr5\libgcc.a(_udivmodsi4.o)
 .text.libgcc   0x00000000        0x0 c:/program files (x86)/atmel/studio/7.0/toolchain/avr8/avr8-gnu-toolchain/bin/../lib/gcc/avr/5.4.0/avr5\libgcc.a(_udivmodsi4.o)
 .text.libgcc.prologue
                0x00000000        0x0 c:/program files (x86)/atmel/studio/7.0/toolchain/avr8/avr8-gnu-toolchain/bin/../lib/gcc/avr/5.4.0/avr5\libgcc.a(_udivmodsi4.o)
 .text.libgcc.builtins
                0x00000000        0x0 c:/program files (x86)/atmel/studio/7.0/toolchain/avr8/avr8-gnu-toolchain/bin/../lib/gcc/avr/5.4.0/avr5\libgcc.a(_udivmodsi4.o)
 .text.libgcc.fmul
                0x00000000        0x0 c:/program files (x86)/atmel/studio/7.0/toolchain/avr8/avr8-gnu-toolchain/bin/../lib/gcc/avr/5.4.0/avr5\libgcc.a(_udivmodsi4.o)
 .text.libgcc.fixed
                0x00000000        0x0 c:/program files (x86)/atmel/studio/7.0/toolchain/avr8/avr8-gnu-toolchain/bin/../lib/gcc/avr/5.4.0/avr5\libgcc.a(_udivmodsi4.o)
 .text          0x00000000        0x0 c:/program files (x86)/atmel/studio/7.0/toolchain/avr8/avr8-gnu-toolchain/bin/../lib/gcc/avr/5.4.0/avr5\libgcc.a(_divmodsi4.o)
 .data          0x00000000        0x0 c:/program files (x86)/atmel/studio/7.0/toolchain/avr8/avr8-gnu-toolchain/bin/../lib/gcc/avr/5.4.0/avr5\libgcc.a(_divmodsi4.o)
 .bss           0x00000000        0x0 c:/program files (x86)/atmel/studio/7.0/toolchain/avr8/avr8-gnu-toolchain/bin/../lib/gcc/avr/5.4.0/avr5\libgcc.a(_divmodsi4.o)
 .text.libgcc.mul
                0x00000000        0x0 c:/program files (x86)/atmel/studio/7.0/toolchain/avr8/avr8-gnu-toolchain/bin/../lib/gcc/avr/5.4.0/avr5\libgcc.a(_divmodsi4.o)
 .text.libgcc.div
                0x00000000       0x2e c:/program files (x86)/atmel/studio/7.0/toolchain/avr8/avr8-gnu-toolchain/bin/../lib/gcc/avr/5.4.0/avr5\libgcc.a(_divmodsi4.o)
 .text.libgcc   0x00000000        0x0 c:/program files (x86)/atmel/studio/7.0/toolchain/avr8/avr8-gnu-toolchain/bin/../lib/gcc/avr/5.4.0/avr5\libgcc.a(_divmodsi4.o)
 .text.libgcc.prologue
                0x00000000        0x0 c:/program files (x86)/atmel/studio/7.0/toolchain/avr8/avr8-gnu-toolchain/bin/../lib/gcc/avr/5.4.0/avr5\libgcc.a(_divmodsi4.o)
 .text.libgcc.builtins
                0x00000000        0x0 c:/program files (x86)/atmel/studio/7.0/toolchain/avr8/avr8-gnu-toolchain/bin/../lib/gcc/avr/5.4.0/avr5\libgcc.a(_divmodsi4.o)
 .text.libgcc.fmul
                0x00000000        0x0 c:/program files (x86)/atmel/studio/7.0/toolchain/avr8/avr8-gnu-toolchain/bin/../lib/gcc/avr/5.4.0/avr5\libgcc.a(_divmodsi4.o)
 .text.libgcc.fixed
                0x00000000        0x0 c:/program files (x86)/atmel/studio/7.0/toolchain/avr8/avr8-gnu-toolchain/bin/../lib/gcc/avr/5.4.0/avr5\libgcc.a(_divmodsi4.o)
 .text          0x00000000        0x0 c:/program files (x86)/atmel/studio/7.0/toolchain/avr8/avr8-gnu-toolchain/bin/../lib/gcc/avr/5.4.0/avr5\libgcc.a(_negsi2.o)
 .data          0x00000000        0x0 c:/program files (x86)/atmel/studio/7.0/toolchain/avr8/avr8-gnu-toolchain/bin/../lib/gcc/avr/5.4.0/avr5\libgcc.a(_negsi2.o)
 .bss           0x00000000        0x0 c:/program files (x86)/atmel/studio/7.0/toolchain/avr8/avr8-gnu-toolchain/bin/../lib/gcc/avr/5.4.0/avr5\libgcc.a(_negsi2.o)
 .text.libgcc.mul
                0x00000000        0x0 c:/program files (x86)/atmel/studio/7.0/toolchain/avr8/avr8-gnu-toolchain/bin/../lib/gcc/avr/5.4.0/avr5\libgcc.a(_negsi2.o)
 .text.libgcc.div
                0x00000000       0x10 c:/program files (x86)/atmel/studio/7.0/toolchain/avr8/avr8-gnu-toolchain/bin/../lib/gcc/avr/5.4.0/avr5\libgcc.a(_negsi2.o)
 .text.libgcc   0x00000000        0x0 c:/program files (x86)/atmel/studio/7.0/toolchain/avr8/avr8-gnu-toolchain/bin/../lib/gcc/avr/5.4.0/avr5\libgcc.a(_negsi2.o)
 .text.libgcc.prologue
                0x00000000        0x0 c:/program files (x86)/atmel/studio/7.0/toolchain/avr8/avr8-gnu-toolchain/bin/../lib/gcc/avr/5.4.0/avr5\libgcc.a(_negsi2.o)
 .text.libgcc.builtins
                0x00000000        0x0 c:/program files (x86)/atmel/studio/7.0/toolchain/avr8/avr8-gnu-toolchain/bin/../lib/gcc/avr/5.4.0/avr5\libgcc.a(_negsi2.o)
 .text.libgcc.fmul
                0x00000000        0x0 c:/program files (x86)/atmel/studio/7.0/toolchain/avr8/avr8-gnu-toolchain/bin/../lib/gcc/avr/5.4.0/avr5\libgcc.a(_negsi2.o)
 .text.libgcc.fixed
                0x00000000        0x0 c:/program files (x86)/atmel/studio/7.0/toolchain/avr8/avr8-gnu-toolchain/bin/../lib/gcc/avr/5.4.0/avr5\libgcc.a(_negsi2.o)
 .text          0x00000000        0x0 c:/program files (x86)/atmel/studio/7.0/toolchain/avr8/avr8-gnu-toolchain/bin/../lib/gcc/avr/5.4.0/avr5\libgcc.a(_exit.o)
 .data          0x00000000        0x0 c:/program files (x86)/atmel/studio/7.0/toolchain/avr8/avr8-gnu-toolchain/bin/../lib/gcc/avr/5.4.0/avr5\libgcc.a(_exit.o)
 .bss           0x00000000        0x0 c:/program files (x86)/atmel/studio/7.0/toolchain/avr8/avr8-gnu-toolchain/bin/../lib/gcc/avr/5.4.0/avr5\libgcc.a(_exit.o)
 .text.libgcc.mul
                0x00000000        0x0 c:/program files (x86)/atmel/studio/7.0/toolchain/avr8/avr8-gnu-toolchain/bin/../lib/gcc/avr/5.4.0/avr5\libgcc.a(_exit.o)
 .text.libgcc.div
                0x00000000        0x0 c:/program files (x86)/atmel/studio/7.0/toolchain/avr8/avr8-gnu-toolchain/bin/../lib/gcc/avr/5.4.0/avr5\libgcc.a(_exit.o)
 .text.libgcc   0x00000000        0x0 c:/program files (x86)/atmel/studio/7.0/toolchain/avr8/avr8-gnu-toolchain/bin/../lib/gcc/avr/5.4.0/avr5\libgcc.a(_exit.o)
 .text.libgcc.prologue
                0x00000000        0x0 c:/program files (x86)/atmel/studio/7.0/toolchain/avr8/avr8-gnu-toolchain/bin/../lib/gcc/avr/5.4.0/avr5\libgcc.a(_exit.o)
 .text.libgcc.builtins
                0x00000000        0x0 c:/program files (x86)/atmel/studio/7.0/toolchain/avr8/avr8-gnu-toolchain/bin/../lib/gcc/avr/5.4.0/avr5\libgcc.a(_exit.o)
 .text.libgcc.fmul
                0x00000000        0x0 c:/program files (x86)/atmel/studio/7.0/toolchain/avr8/avr8-gnu-toolchain/bin/../lib/gcc/avr/5.4.0/avr5\libgcc.a(_exit.o)
 .text.libgcc.fixed
                0x00000000        0x0 c:/program files (x86)/atmel/studio/7.0/toolchain/avr8/avr8-gnu-toolchain/bin/../lib/gcc/avr/5.4.0/avr5\libgcc.a(_exit.o)
 .text          0x00000000        0x0 c:/program files (x86)/atmel/studio/7.0/toolchain/avr8/avr8-gnu-toolchain/bin/../lib/gcc/avr/5.4.0/avr5\libgcc.a(_copy_data.o)
 .data          0x00000000        0x0 c:/program files (x86)/atmel/studio/7.0/toolchain/avr8/avr8-gnu-toolchain/bin/../lib/gcc/avr/5.4.0/avr5\libgcc.a(_copy_data.o)
 .bss           0x00000000        0x0 c:/program files (x86)/atmel/studio/7.0/toolchain/avr8/avr8-gnu-toolchain/bin/../lib/gcc/avr/5.4.0/avr5\libgcc.a(_copy_data.o)
 .text.libgcc.mul
                0x00000000        0x0 c:/program files (x86)/atmel/studio/7.0/toolchain/avr8/avr8-gnu-toolchain/bin/../lib/gcc/avr/5.4.0/avr5\libgcc.a(_copy_data.o)
 .text.libgcc.div
                0x00000000        0x0 c:/program files (x86)/atmel/studio/7.0/toolchain/avr8/avr8-gnu-toolchain/bin/../lib/gcc/avr/5.4.0/avr5\libgcc.a(_copy_data.o)
 .text.libgcc   0x00000000        0x0 c:/program files (x86)/atmel/studio/7.0/toolchain/avr8/avr8-gnu-toolchain/bin/../lib/gcc/avr/5.4.0/avr5\libgcc.a(_copy_data.o)
 .text.libgcc.prologue
                0x00000000        0x0 c:/program files (x86)/atmel/studio/7.0/toolchain/avr8/avr8-gnu-toolchain/bin/../lib/gcc/avr/5.4.0/avr5\libgcc.a(_copy_data.o)
 .text.libgcc.builtins
                0x00000000        0x0 c:/program files (x86)/atmel/studio/7.0/toolchain/avr8/avr8-gnu-toolchain/bin/../lib/gcc/avr/5.4.0/avr5\libgcc.a(_copy_data.o)
 .text.libgcc.fmul
                0x00000000        0x0 c:/program files (x86)/atmel/studio/7.0/toolchain/avr8/avr8-gnu-toolchain/bin/../lib/gcc/avr/5.4.0/avr5\libgcc.a(_copy_data.o)
 .text.libgcc.fixed
                0x00000000        0x0 c:/program files (x86)/atmel/studio/7.0/toolchain/avr8/avr8-gnu-toolchain/bin/../lib/gcc/avr/5.4.0/avr5\libgcc.a(_copy_data.o)
 .text          0x00000000        0x0 c:/program files (x86)/atmel/studio/7.0/toolchain/avr8/avr8-gnu-toolchain/bin/../lib/gcc/avr/5.4.0/avr5\libgcc.a(_clear_bss.o)
 .data          0x00000000        0x0 c:/program files (x86)/atmel/studio/7.0/toolchain/avr8/avr8-gnu-toolchain/bin/../lib/gcc/avr/5.4.0/avr5\libgcc.a(_clear_bss.o)
 .bss           0x00000000        0x0 c:/program files (x86)/atmel/studio/7.0/toolchain/avr8/avr8-gnu-toolchain/bin/../lib/gcc/avr/5.4.0/avr5\libgcc.a(_clear_bss.o)
 .text.libgcc.mul
                0x00000000        0x0 c:/program files (x86)/atmel/studio/7.0/toolchain/avr8/avr8-gnu-toolchain/bin/../lib/gcc/avr/5.4.0/avr5\libgcc.a(_clear_bss.o)
 .text.libgcc.div
                0x00000000        0x0 c:/program files (x86)/atmel/studio/7.0/toolchain/avr8/avr8-gnu-toolchain/bin/../lib/gcc/avr/5.4.0/avr5\libgcc.a(_clear_bss.o)
 .text.libgcc   0x00000000        0x0 c:/program files (x86)/atmel/studio/7.0/toolchain/avr8/avr8-gnu-toolchain/bin/../lib/gcc/avr/5.4.0/avr5\libgcc.a(_clear_bss.o)
 .text.libgcc.prologue
                0x00000000        0x0 c:/program files (x86)/atmel/studio/7.0/toolchain/avr8/avr8-gnu-toolchain/bin/../lib/gcc/avr/5.4.0/avr5\libgcc.a(_clear_bss.o)
 .text.libgcc.builtins
                0x00000000        0x0 c:/program files (x86)/atmel/studio/7.0/toolchain/avr8/avr8-gnu-toolchain/bin/../lib/gcc/avr/5.4.0/avr5\libgcc.a(_clear_bss.o)
 .text.libgcc.fmul
                0x00000000        0x0 c:/program files (x86)/atmel/studio/7.0/toolchain/avr8/avr8-gnu-toolchain/bin/../lib/gcc/avr/5.4.0/avr5\libgcc.a(_clear_bss.o)
 .text.libgcc.fixed
                0x00000000        0x0 c:/program files (x86)/atmel/studio/7.0/toolchain/avr8/avr8-gnu-toolchain/bin/../lib/gcc/avr/5.4.0/avr5\libgcc.a(_clear_bss.o)
 .text          0x00000000        0x0 c:/program files (x86)/atmel/studio/7.0/toolchain/avr8/avr8-gnu-toolchain/bin/../lib/gcc/avr/5.4.0/avr5\libgcc.a(_umulhisi3.o)
 .data          0x00000000        0x0 c:/program files (x86)/atmel/studio/7.0/toolchain/avr8/avr8-gnu-toolchain/bin/../lib/gcc/avr/5.4.0/avr5\libgcc.a(_umulhisi3.o)
 .bss           0x00000000        0x0 c:/program files (x86)/atmel/studio/7.0/toolchain/avr8/avr8-gnu-toolchain/bin/../lib/gcc/avr/5.4.0/avr5\libgcc.a(_umulhisi3.o)
 .text.libgcc.div
                0x00000000        0x0 c:/program files (x86)/atmel/studio/7.0/toolchain/avr8/avr8-gnu-toolchain/bin/../lib/gcc/avr/5.4.0/avr5\libgcc.a(_umulhisi3.o)
 .text.libgcc   0x00000000        0x0 c:/program files (x86)/atmel/studio/7.0/toolchain/avr8/avr8-gnu-toolchain/bin/../lib/gcc/avr/5.4.0/avr5\libgcc.a(_umulhisi3.o)
 .text.libgcc.prologue
                0x00000000        0x0 c:/program files (x86)/atmel/studio/7.0/toolchain/avr8/avr8-gnu-toolchain/bin/../lib/gcc/avr/5.4.0/avr5\libgcc.a(_umulhisi3.o)
 .text.libgcc.builtins
                0x00000000        0x0 c:/program files (x86)/atmel/studio/7.0/toolchain/avr8/avr8-gnu-toolchain/bin/../lib/gcc/avr/5.4.0/avr5\libgcc.a(_umulhisi3.o)
 .text.libgcc.fmul
                0x00000000        0x0 c:/program files (x86)/atmel/studio/7.0/toolchain/avr8/avr8-gnu-toolchain/bin/../lib/gcc/avr/5.4.0/avr5\libgcc.a(_umulhisi3.o)
 .text.libgcc.fixed
                0x00000000        0x0 c:/program files (x86)/atmel/studio/7.0/toolchain/avr8/avr8-gnu-toolchain/bin/../lib/gcc/avr/5.4.0/avr5\libgcc.a(_umulhisi3.o)
 .text          0x00000000        0x0 c:/program files (x86)/atmel/studio/7.0/toolchain/avr8/avr8-gnu-toolchain/bin/../lib/gcc/avr/5.4.0/avr5\libgcc.a(_muluhisi3.o)
 .data          0x00000000        0x0 c:/program files (x86)/atmel/studio/7.0/toolchain/avr8/avr8-gnu-toolchain/bin/../lib/gcc/avr/5.4.0/avr5\libgcc.a(_muluhisi3.o)
 .bss           0x00000000        0x0 c:/program files (x86)/atmel/studio/7.0/toolchain/avr8/avr8-gnu-toolchain/bin/../lib/gcc/avr/5.4.0/avr5\libgcc.a(_muluhisi3.o)
 .text.libgcc.div
                0x00000000        0x0 c:/program files (x86)/atmel/studio/7.0/toolchain/avr8/avr8-gnu-toolchain/bin/../lib/gcc/avr/5.4.0/avr5\libgcc.a(_muluhisi3.o)
 .text.libgcc   0x00000000        0x0 c:/program files (x86)/atmel/studio/7.0/toolchain/avr8/avr8-gnu-toolchain/bin/../lib/gcc/avr/5.4.0/avr5\libgcc.a(_muluhisi3.o)
 .text.libgcc.prologue
                0x00000000        0x0 c:/program files (x86)/atmel/studio/7.0/toolchain/avr8/avr8-gnu-toolchain/bin/../lib/gcc/avr/5.4.0/avr5\libgcc.a(_muluhisi3.o)
 .text.libgcc.builtins
                0x00000000        0x0 c:/program files (x86)/atmel/studio/7.0/toolchain/avr8/avr8-gnu-toolchain/bin/../lib/gcc/avr/5.4.0/avr5\libgcc.a(_muluhisi3.o)
 .text.libgcc.fmul
                0x00000000        0x0 c:/program files (x86)/atmel/studio/7.0/toolchain/avr8/avr8-gnu-toolchain/bin/../lib/gcc/avr/5.4.0/avr5\libgcc.a(_muluhisi3.o)
 .text.libgcc.fixed
                0x00000000        0x0 c:/program files (x86)/atmel/studio/7.0/toolchain/avr8/avr8-gnu-toolchain/bin/../lib/gcc/avr/5.4.0/avr5\libgcc.a(_muluhisi3.o)

Memory Configuration

Name             Origin             Length             Attributes
text             0x00000000         0x00008000         xr
data             0x00800060         0x00000800         rw !x
eeprom           0x00810000         0x00000400         rw !x
fuse             0x00820000         0x00000002         rw !x
lock             0x00830000         0x00000400         rw !x
signature        0x00840000         0x00000400         rw !x
user_signatures  0x00850000         0x00000400         rw !x
*default*        0x00000000         0xffffffff

Linker script and memory map

LOAD C:/Program Files (x86)/Atmel/Studio/7.0/Packs/atmel/ATmega_DFP/1.6.364/gcc/dev/atmega32a/avr5/crtatmega32a.o
LOAD APP/app.o
LOAD ECUAL/eeprom/eeprom.o
LOAD ECUAL/lcd/LCD.o
LOAD ECUAL/trigger/trigger.o
LOAD main.o
LOAD MCAL/dio/dio.o
LOAD MCAL/i2c/i2c.o
LOAD MCAL/spi/spi.o
LOAD MCAL/timer/timer.o
LOAD MCAL/uart/uart.o
START GROUP
LOAD c:/program files (x86)/atmel/studio/7.0/toolchain/avr8/avr8-gnu-toolchain/bin/../lib/gcc/avr/5.4.0/../../../../avr/lib/avr5\libm.a
END GROUP
START GROUP
LOAD c:/program files (x86)/atmel/studio/7.0/toolchain/avr8/avr8-gnu-toolchain/bin/../lib/gcc/avr/5.4.0/avr5\libgcc.a
LOAD c:/program files (x86)/atmel/studio/7.0/toolchain/avr8/avr8-gnu-toolchain/bin/../lib/gcc/avr/5.4.0/../../../../avr/lib/avr5\libm.a
LOAD c:/program files (x86)/atmel/studio/7.0/toolchain/avr8/avr8-gnu-toolchain/bin/../lib/gcc/avr/5.4.0/../../../../avr/lib/avr5\libc.a
LOAD C:/Program Files (x86)/Atmel/Studio/7.0/Packs/atmel/ATmega_DFP/1.6.364/gcc/dev/atmega32a/avr5\libatmega32a.a
END GROUP
                [0x00000000]                __TEXT_REGION_ORIGIN__ = DEFINED (__TEXT_REGION_ORIGIN__)?__TEXT_REGION_ORIGIN__:0x0
                [0x00800060]                __DATA_REGION_ORIGIN__ = DEFINED (__DATA_REGION_ORIGIN__)?__DATA_REGION_ORIGIN__:0x800060
                [0x00008000]                __TEXT_REGION_LENGTH__ = DEFINED (__TEXT_REGION_LENGTH__)?__TEXT_REGION_LENGTH__:0x20000
                [0x00000800]                __DATA_REGION_LENGTH__ = DEFINED (__DATA_REGION_LENGTH__)?__DATA_REGION_LENGTH__:0xffa0
                [0x00000400]                __EEPROM_REGION_LENGTH__ = DEFINED (__EEPROM_REGION_LENGTH__)?__EEPROM_REGION_LENGTH__:0x10000
                [0x00000002]                __FUSE_REGION_LENGTH__ = DEFINED (__FUSE_REGION_LENGTH__)?__FUSE_REGION_LENGTH__:0x400
                0x00000400                __LOCK_REGION_LENGTH__ = DEFINED (__LOCK_REGION_LENGTH__)?__LOCK_REGION_LENGTH__:0x400
                0x00000400                __SIGNATURE_REGION_LENGTH__ = DEFINED (__SIGNATURE_REGION_LENGTH__)?__SIGNATURE_REGION_LENGTH__:0x400
                0x00000400                __USER_SIGNATURE_REGION_LENGTH__ = DEFINED (__USER_SIGNATURE_REGION_LENGTH__)?__USER_SIGNATURE_REGION_LENGTH__:0x400

.hash
 *(.hash)

.dynsym
 *(.dynsym)

.dynstr
 *(.dynstr)

.gnu.version
 *(.gnu.version)

.gnu.version_d
 *(.gnu.version_d)

.gnu.version_r
 *(.gnu.version_r)

.rel.init
 *(.rel.init)

.rela.init
 *(.rela.init)

.rel.text
 *(.rel.text)
 *(.rel.text.*)
 *(.rel.gnu.linkonce.t*)

.rela.text
 *(.rela.text)
 *(.rela.text.*)
 *(.rela.gnu.linkonce.t*)

.rel.fini
 *(.rel.fini)

.rela.fini
 *(.rela.fini)

.rel.rodata
 *(.rel.rodata)
 *(.rel.rodata.*)
 *(.rel.gnu.linkonce.r*)

.rela.rodata
 *(.rela.rodata)
 *(.rela.rodata.*)
 *(.rela.gnu.linkonce.r*)

.rel.data
 *(.rel.data)
 *(.rel.data.*)
 *(.rel.gnu.linkonce.d*)

.rela.data
 *(.rela.data)
 *(.rela.data.*)
 *(.rela.gnu.linkonce.d*)

.rel.ctors
 *(.rel.ctors)

.rela.ctors
 *(.rela.ctors)

.rel.dtors
 *(.rel.dtors)

.rela.dtors
 *(.rela.dtors)

.rel.got
 *(.rel.got)

.rela.got
 *(.rela.got)

.rel.bss
 *(.rel.bss)

.rela.bss
 *(.rela.bss)

.rel.plt
 *(.rel.plt)

.rela.plt
 *(.rela.plt)

.text           0x00000000     0x102a
 *(.vectors)
 .vectors       0x00000000       0x54 C:/Program Files (x86)/Atmel/Studio/7.0/Packs/atmel/ATmega_DFP/1.6.364/gcc/dev/atmega32a/avr5/crtatmega32a.o
                0x00000000                __vector_default
                0x00000000                __vectors
 *(.vectors)
 *(.progmem.gcc*)
                0x00000054                . = ALIGN (0x2)
                0x00000054                __trampolines_start = .
 *(.trampolines)
 .trampolines   0x00000054        0x0 linker stubs
 *(.trampolines*)
                0x00000054                __trampolines_end = .
 *libprintf_flt.a:*(.progmem.data)
 *libc.a:*(.progmem.data)
 *(.progmem*)
                0x00000054                . = ALIGN (0x2)
 *(.jumptables)
 *(.jumptables*)
 *(.lowtext)
 *(.lowtext*)
                0x00000054                __ctors_start = .
 *(.ctors)
                0x00000054                __ctors_end = .
                0x00000054                __dtors_start = .
 *(.dtors)
                0x00000054                __dtors_end = .
 SORT(*)(.ctors)
 SORT(*)(.dtors)
 *(.init0)
 .init0         0x00000054        0x0 C:/Program Files (x86)/Atmel/Studio/7.0/Packs/atmel/ATmega_DFP/1.6.364/gcc/dev/atmega32a/avr5/crtatmega32a.o
                0x00000054                __init
 *(.init0)
 *(.init1)
 *(.init1)
 *(.init2)
 .init2         0x00000054        0xc C:/Program Files (x86)/Atmel/Studio/7.0/Packs/atmel/ATmega_DFP/1.6.364/gcc/dev/atmega32a/avr5/crtatmega32a.o
 *(.init2)
 *(.init3)
 *(.init3)
 *(.init4)
 .init4         0x00000060       0x16 c:/program files (x86)/atmel/studio/7.0/toolchain/avr8/avr8-gnu-toolchain/bin/../lib/gcc/avr/5.4.0/avr5\libgcc.a(_copy_data.o)
                0x00000060                __do_copy_data
 .init4         0x00000076       0x10 c:/program files (x86)/atmel/studio/7.0/toolchain/avr8/avr8-gnu-toolchain/bin/../lib/gcc/avr/5.4.0/avr5\libgcc.a(_clear_bss.o)
                0x00000076                __do_clear_bss
 *(.init4)
 *(.init5)
 *(.init5)
 *(.init6)
 *(.init6)
 *(.init7)
 *(.init7)
 *(.init8)
 *(.init8)
 *(.init9)
 .init9         0x00000086        0x8 C:/Program Files (x86)/Atmel/Studio/7.0/Packs/atmel/ATmega_DFP/1.6.364/gcc/dev/atmega32a/avr5/crtatmega32a.o
 *(.init9)
 *(.text)
 .text          0x0000008e        0x4 C:/Program Files (x86)/Atmel/Studio/7.0/Packs/atmel/ATmega_DFP/1.6.364/gcc/dev/atmega32a/avr5/crtatmega32a.o
                0x0000008e                __vector_1
                0x0000008e                __vector_12
                0x0000008e                __bad_interrupt
                0x0000008e                __vector_6
                0x0000008e                __vector_3
                0x0000008e                __vector_13
                0x0000008e                __vector_17
                0x0000008e                __vector_19
                0x0000008e                __vector_7
                0x0000008e                __vector_4
                0x0000008e                __vector_9
                0x0000008e                __vector_2
                0x0000008e                __vector_15
                0x0000008e                __vector_8
                0x0000008e                __vector_14
                0x0000008e                __vector_10
                0x0000008e                __vector_16
                0x0000008e                __vector_18
                0x0000008e                __vector_20
                0x00000092                . = ALIGN (0x2)
 *(.text.*)
 .text.APP_init
                0x00000092       0x9c APP/app.o
                0x00000092                APP_init
 .text.APP_checkEEPROM
                0x0000012e       0x50 APP/app.o
                0x0000012e                APP_checkEEPROM
 .text.APP_superLoop
                0x0000017e      0x38a APP/app.o
                0x0000017e                APP_superLoop
 .text.EEPROM_init
                0x00000508        0x6 ECUAL/eeprom/eeprom.o
                0x00000508                EEPROM_init
 .text.EEPROM_writeByte_256
                0x0000050e       0x5e ECUAL/eeprom/eeprom.o
                0x0000050e                EEPROM_writeByte_256
 .text.EEPROM_readByte_256
                0x0000056c       0x74 ECUAL/eeprom/eeprom.o
                0x0000056c                EEPROM_readByte_256
 .text.EEPROM_writeString_256
                0x000005e0       0x4a ECUAL/eeprom/eeprom.o
                0x000005e0                EEPROM_writeString_256
 .text.EEPROM_readString_256
                0x0000062a       0x52 ECUAL/eeprom/eeprom.o
                0x0000062a                EEPROM_readString_256
 .text.LCD_WriteIns
                0x0000067c       0xe2 ECUAL/lcd/LCD.o
 .text.LCD_Init
                0x0000075e       0x3c ECUAL/lcd/LCD.o
                0x0000075e                LCD_Init
 .text.LCD_PinsInit
                0x0000079a       0x52 ECUAL/lcd/LCD.o
                0x0000079a                LCD_PinsInit
 .text.TRIGGER_init
                0x000007ec        0xc ECUAL/trigger/trigger.o
                0x000007ec                TRIGGER_init
 .text.TRIGGER_triggerMCU
                0x000007f8       0x24 ECUAL/trigger/trigger.o
                0x000007f8                TRIGGER_triggerMCU
 .text.main     0x0000081c        0xa main.o
                0x0000081c                main
 .text.DIO_init
                0x00000826      0x116 MCAL/dio/dio.o
                0x00000826                DIO_init
 .text.DIO_write
                0x0000093c      0x116 MCAL/dio/dio.o
                0x0000093c                DIO_write
 .text.I2C_getStatus
                0x00000a52        0x8 MCAL/i2c/i2c.o
                0x00000a52                I2C_getStatus
 .text.I2C_addressWrite
                0x00000a5a        0x8 MCAL/i2c/i2c.o
                0x00000a5a                I2C_addressWrite
 .text.I2C_addressRead
                0x00000a62        0xa MCAL/i2c/i2c.o
                0x00000a62                I2C_addressRead
 .text.I2C_WriteData
                0x00000a6c       0x18 MCAL/i2c/i2c.o
                0x00000a6c                I2C_WriteData
 .text.I2C_readWithACK
                0x00000a84       0x16 MCAL/i2c/i2c.o
                0x00000a84                I2C_readWithACK
 .text.I2C_readWithNACK
                0x00000a9a       0x16 MCAL/i2c/i2c.o
                0x00000a9a                I2C_readWithNACK
 .text.I2C_init
                0x00000ab0       0x1e MCAL/i2c/i2c.o
                0x00000ab0                I2C_init
 .text.I2C_start
                0x00000ace       0x20 MCAL/i2c/i2c.o
                0x00000ace                I2C_start
 .text.I2C_repeated_start
                0x00000aee       0x20 MCAL/i2c/i2c.o
                0x00000aee                I2C_repeated_start
 .text.I2C_address_select
                0x00000b0e       0x56 MCAL/i2c/i2c.o
                0x00000b0e                I2C_address_select
 .text.I2C_data_rw
                0x00000b64       0x66 MCAL/i2c/i2c.o
                0x00000b64                I2C_data_rw
 .text.I2C_stop
                0x00000bca       0x12 MCAL/i2c/i2c.o
                0x00000bca                I2C_stop
 .text.SPI_initMaster
                0x00000bdc       0x40 MCAL/spi/spi.o
                0x00000bdc                SPI_initMaster
 .text.SPI_startTransmission
                0x00000c1c        0xc MCAL/spi/spi.o
                0x00000c1c                SPI_startTransmission
 .text.SPI_transmitByte
                0x00000c28        0xa MCAL/spi/spi.o
                0x00000c28                SPI_transmitByte
 .text.TIMER_init
                0x00000c32       0x4c MCAL/timer/timer.o
                0x00000c32                TIMER_init
 .text.TIMER_start
                0x00000c7e       0x40 MCAL/timer/timer.o
                0x00000c7e                TIMER_start
 .text.TIMER_stopInterrupt
                0x00000cbe       0x2a MCAL/timer/timer.o
                0x00000cbe                TIMER_stopInterrupt
 .text.TIMER_enableInterrupt
                0x00000ce8       0x1e MCAL/timer/timer.o
                0x00000ce8                TIMER_enableInterrupt
 .text.TIMER_delay
                0x00000d06       0xac MCAL/timer/timer.o
                0x00000d06                TIMER_delay
 .text.__vector_11
                0x00000db2      0x122 MCAL/timer/timer.o
                0x00000db2                __vector_11
 .text.__vector_5
                0x00000ed4       0xaa MCAL/timer/timer.o
                0x00000ed4                __vector_5
 .text.UART_Init
                0x00000f7e       0x30 MCAL/uart/uart.o
                0x00000f7e                UART_Init
 .text.UART_SendChar
                0x00000fae        0x8 MCAL/uart/uart.o
                0x00000fae                UART_SendChar
 .text.UART_GetChar
                0x00000fb6        0x8 MCAL/uart/uart.o
                0x00000fb6                UART_GetChar
 .text.UART_sendString
                0x00000fbe       0x34 MCAL/uart/uart.o
                0x00000fbe                UART_sendString
 .text.libgcc.mul
                0x00000ff2       0x1e c:/program files (x86)/atmel/studio/7.0/toolchain/avr8/avr8-gnu-toolchain/bin/../lib/gcc/avr/5.4.0/avr5\libgcc.a(_umulhisi3.o)
                0x00000ff2                __umulhisi3
 .text.libgcc.mul
                0x00001010       0x16 c:/program files (x86)/atmel/studio/7.0/toolchain/avr8/avr8-gnu-toolchain/bin/../lib/gcc/avr/5.4.0/avr5\libgcc.a(_muluhisi3.o)
                0x00001010                __muluhisi3
                0x00001026                . = ALIGN (0x2)
 *(.fini9)
 .fini9         0x00001026        0x0 c:/program files (x86)/atmel/studio/7.0/toolchain/avr8/avr8-gnu-toolchain/bin/../lib/gcc/avr/5.4.0/avr5\libgcc.a(_exit.o)
                0x00001026                _exit
                0x00001026                exit
 *(.fini9)
 *(.fini8)
 *(.fini8)
 *(.fini7)
 *(.fini7)
 *(.fini6)
 *(.fini6)
 *(.fini5)
 *(.fini5)
 *(.fini4)
 *(.fini4)
 *(.fini3)
 *(.fini3)
 *(.fini2)
 *(.fini2)
 *(.fini1)
 *(.fini1)
 *(.fini0)
 .fini0         0x00001026        0x4 c:/program files (x86)/atmel/studio/7.0/toolchain/avr8/avr8-gnu-toolchain/bin/../lib/gcc/avr/5.4.0/avr5\libgcc.a(_exit.o)
 *(.fini0)
                0x0000102a                _etext = .

.data           0x00800060       0xe2 load address 0x0000102a
                0x00800060                PROVIDE (__data_start, .)
 *(.data)
 *(.data*)
 *(.gnu.linkonce.d*)
 *(.rodata)
 *(.rodata*)
 .rodata.str1.1
                0x00800060       0xe1 APP/app.o
 *(.gnu.linkonce.r*)
                0x00800142                . = ALIGN (0x2)
 *fill*         0x00800141        0x1 
                0x00800142                _edata = .
                0x00800142                PROVIDE (__data_end, .)

.bss            0x00800142       0x21
                0x00800142                PROVIDE (__bss_start, .)
 *(.bss)
 *(.bss*)
 .bss.programmingState
                0x00800142        0x1 APP/app.o
                0x00800142                programmingState
 .bss.cardMode  0x00800143        0x1 APP/app.o
                0x00800143                cardMode
 .bss.OVFCounter.1720
                0x00800144        0x4 MCAL/timer/timer.o
 .bss.u8_gs_generatorState.1714
                0x00800148        0x1 MCAL/timer/timer.o
 .bss.OVFCounter.1713
                0x00800149        0x4 MCAL/timer/timer.o
 .bss.u8_g_normalToPwm
                0x0080014d        0x1 MCAL/timer/timer.o
                0x0080014d                u8_g_normalToPwm
 .bss.TIMER_2_callBack
                0x0080014e        0x2 MCAL/timer/timer.o
                0x0080014e                TIMER_2_callBack
 .bss.TIMER_0_callBack
                0x00800150        0x2 MCAL/timer/timer.o
                0x00800150                TIMER_0_callBack
 .bss.u8_g_timer2RemTicks
                0x00800152        0x4 MCAL/timer/timer.o
                0x00800152                u8_g_timer2RemTicks
 .bss.u32_g_timer2NumberOfOVFs
                0x00800156        0x4 MCAL/timer/timer.o
                0x00800156                u32_g_timer2NumberOfOVFs
 .bss.u8_g_timer0RemTicks
                0x0080015a        0x1 MCAL/timer/timer.o
                0x0080015a                u8_g_timer0RemTicks
 .bss.u32_g_timer0NumberOfOVFs
                0x0080015b        0x4 MCAL/timer/timer.o
                0x0080015b                u32_g_timer0NumberOfOVFs
 *(COMMON)
 COMMON         0x0080015f        0x4 MCAL/timer/timer.o
                0x0080015f                u16_g_onTime
                0x00800161                u16_g_offTime
                0x00800163                PROVIDE (__bss_end, .)
                0x0000102a                __data_load_start = LOADADDR (.data)
                0x0000110c                __data_load_end = (__data_load_start + SIZEOF (.data))

.noinit         0x00800163        0x0
                [!provide]                PROVIDE (__noinit_start, .)
 *(.noinit*)
                [!provide]                PROVIDE (__noinit_end, .)
                0x00800163                _end = .
                [!provide]                PROVIDE (__heap_start, .)

.eeprom         0x00810000        0x0
 *(.eeprom*)
                0x00810000                __eeprom_end = .

.fuse
 *(.fuse)
 *(.lfuse)
 *(.hfuse)
 *(.efuse)

.lock
 *(.lock*)

.signature
 *(.signature*)

.user_signatures
 *(.user_signatures*)

.stab
 *(.stab)

.stabstr
 *(.stabstr)

.stab.excl
 *(.stab.excl)

.stab.exclstr
 *(.stab.exclstr)

.stab.index
 *(.stab.index)

.stab.indexstr
 *(.stab.indexstr)

.comment        0x00000000       0x30
 *(.comment)
 .comment       0x00000000       0x30 APP/app.o
                                 0x31 (size before relaxing)
 .comment       0x00000030       0x31 ECUAL/eeprom/eeprom.o
 .comment       0x00000030       0x31 ECUAL/lcd/LCD.o
 .comment       0x00000030       0x31 ECUAL/trigger/trigger.o
 .comment       0x00000030       0x31 main.o
 .comment       0x00000030       0x31 MCAL/dio/dio.o
 .comment       0x00000030       0x31 MCAL/i2c/i2c.o
 .comment       0x00000030       0x31 MCAL/spi/spi.o
 .comment       0x00000030       0x31 MCAL/timer/timer.o
 .comment       0x00000030       0x31 MCAL/uart/uart.o

.note.gnu.avr.deviceinfo
                0x00000000       0x3c
 .note.gnu.avr.deviceinfo
                0x00000000       0x3c C:/Program Files (x86)/Atmel/Studio/7.0/Packs/atmel/ATmega_DFP/1.6.364/gcc/dev/atmega32a/avr5/crtatmega32a.o

.note.gnu.build-id
 *(.note.gnu.build-id)

.debug
 *(.debug)

.line
 *(.line)

.debug_srcinfo
 *(.debug_srcinfo)

.debug_sfnames
 *(.debug_sfnames)

.debug_aranges  0x00000000      0x320
 *(.debug_aranges)
 .debug_aranges
                0x00000000       0x48 APP/app.o
 .debug_aranges
                0x00000048       0x60 ECUAL/eeprom/eeprom.o
 .debug_aranges
                0x000000a8       0x78 ECUAL/lcd/LCD.o
 .debug_aranges
                0x00000120       0x28 ECUAL/trigger/trigger.o
 .debug_aranges
                0x00000148       0x20 main.o
 .debug_aranges
                0x00000168       0x40 MCAL/dio/dio.o
 .debug_aranges
                0x000001a8       0x78 MCAL/i2c/i2c.o
 .debug_aranges
                0x00000220       0x50 MCAL/spi/spi.o
 .debug_aranges
                0x00000270       0x70 MCAL/timer/timer.o
 .debug_aranges
                0x000002e0       0x40 MCAL/uart/uart.o

.debug_pubnames
 *(.debug_pubnames)

.debug_info     0x00000000     0x35a5
 *(.debug_info .gnu.linkonce.wi.*)
 .debug_info    0x00000000      0x4e6 C:/Program Files (x86)/Atmel/Studio/7.0/Packs/atmel/ATmega_DFP/1.6.364/gcc/dev/atmega32a/avr5/crtatmega32a.o
 .debug_info    0x000004e6      0xc36 APP/app.o
 .debug_info    0x0000111c      0x727 ECUAL/eeprom/eeprom.o
 .debug_info    0x00001843      0xa3e ECUAL/lcd/LCD.o
 .debug_info    0x00002281      0x135 ECUAL/trigger/trigger.o
 .debug_info    0x000023b6       0xb5 main.o
 .debug_info    0x0000246b      0x253 MCAL/dio/dio.o
 .debug_info    0x000026be      0x344 MCAL/i2c/i2c.o
 .debug_info    0x00002a02      0x30b MCAL/spi/spi.o
 .debug_info    0x00002d0d      0x67a MCAL/timer/timer.o
 .debug_info    0x00003387      0x21e MCAL/uart/uart.o

.debug_abbrev   0x00000000     0x1002
 *(.debug_abbrev)
 .debug_abbrev  0x00000000      0x4a3 C:/Program Files (x86)/Atmel/Studio/7.0/Packs/atmel/ATmega_DFP/1.6.364/gcc/dev/atmega32a/avr5/crtatmega32a.o
 .debug_abbrev  0x000004a3      0x19c APP/app.o
 .debug_abbrev  0x0000063f      0x175 ECUAL/eeprom/eeprom.o
 .debug_abbrev  0x000007b4      0x16d ECUAL/lcd/LCD.o
 .debug_abbrev  0x00000921       0x71 ECUAL/trigger/trigger.o
 .debug_abbrev  0x00000992       0x68 main.o
 .debug_abbrev  0x000009fa       0xc1 MCAL/dio/dio.o
 .debug_abbrev  0x00000abb      0x142 MCAL/i2c/i2c.o
 .debug_abbrev  0x00000bfd       0xe8 MCAL/spi/spi.o
 .debug_abbrev  0x00000ce5      0x1f2 MCAL/timer/timer.o
 .debug_abbrev  0x00000ed7      0x12b MCAL/uart/uart.o

.debug_line     0x00000000     0x1ef2
 *(.debug_line .debug_line.* .debug_line_end)
 .debug_line    0x00000000      0x116 C:/Program Files (x86)/Atmel/Studio/7.0/Packs/atmel/ATmega_DFP/1.6.364/gcc/dev/atmega32a/avr5/crtatmega32a.o
 .debug_line    0x00000116      0x5ff APP/app.o
 .debug_line    0x00000715      0x3fa ECUAL/eeprom/eeprom.o
 .debug_line    0x00000b0f      0x3f9 ECUAL/lcd/LCD.o
 .debug_line    0x00000f08       0xc6 ECUAL/trigger/trigger.o
 .debug_line    0x00000fce       0x57 main.o
 .debug_line    0x00001025      0x3d8 MCAL/dio/dio.o
 .debug_line    0x000013fd      0x2f2 MCAL/i2c/i2c.o
 .debug_line    0x000016ef      0x1ba MCAL/spi/spi.o
 .debug_line    0x000018a9      0x47c MCAL/timer/timer.o
 .debug_line    0x00001d25      0x1cd MCAL/uart/uart.o

.debug_frame    0x00000000      0x7ac
 *(.debug_frame)
 .debug_frame   0x00000000       0xc0 APP/app.o
 .debug_frame   0x000000c0      0x174 ECUAL/eeprom/eeprom.o
 .debug_frame   0x00000234      0x148 ECUAL/lcd/LCD.o
 .debug_frame   0x0000037c       0x34 ECUAL/trigger/trigger.o
 .debug_frame   0x000003b0       0x24 main.o
 .debug_frame   0x000003d4       0x64 MCAL/dio/dio.o
 .debug_frame   0x00000438       0xe0 MCAL/i2c/i2c.o
 .debug_frame   0x00000518       0x84 MCAL/spi/spi.o
 .debug_frame   0x0000059c      0x180 MCAL/timer/timer.o
 .debug_frame   0x0000071c       0x90 MCAL/uart/uart.o

.debug_str      0x00000000      0xd3f
 *(.debug_str)
 .debug_str     0x00000000      0x196 C:/Program Files (x86)/Atmel/Studio/7.0/Packs/atmel/ATmega_DFP/1.6.364/gcc/dev/atmega32a/avr5/crtatmega32a.o
 .debug_str     0x00000196      0x367 APP/app.o
                                0x3a2 (size before relaxing)
 .debug_str     0x000004fd      0x27e ECUAL/eeprom/eeprom.o
                                0x412 (size before relaxing)
 .debug_str     0x0000077b       0xf4 ECUAL/lcd/LCD.o
                                0x295 (size before relaxing)
 .debug_str     0x0000086f       0x1b ECUAL/trigger/trigger.o
                                0x1ad (size before relaxing)
 .debug_str     0x0000088a       0x11 main.o
                                0x17b (size before relaxing)
 .debug_str     0x0000089b       0xd6 MCAL/dio/dio.o
                                0x242 (size before relaxing)
 .debug_str     0x00000971       0x98 MCAL/i2c/i2c.o
                                0x336 (size before relaxing)
 .debug_str     0x00000a09       0x91 MCAL/spi/spi.o
                                0x249 (size before relaxing)
 .debug_str     0x00000a9a      0x26c MCAL/timer/timer.o
                                0x431 (size before relaxing)
 .debug_str     0x00000d06       0x39 MCAL/uart/uart.o
                                0x204 (size before relaxing)

.debug_loc      0x00000000     0x20a6
 *(.debug_loc)
 .debug_loc     0x00000000      0x394 APP/app.o
 .debug_loc     0x00000394      0x70b ECUAL/eeprom/eeprom.o
 .debug_loc     0x00000a9f      0x499 ECUAL/lcd/LCD.o
 .debug_loc     0x00000f38      0x573 MCAL/dio/dio.o
 .debug_loc     0x000014ab      0x26b MCAL/i2c/i2c.o
 .debug_loc     0x00001716       0x8e MCAL/spi/spi.o
 .debug_loc     0x000017a4      0x7a4 MCAL/timer/timer.o
 .debug_loc     0x00001f48      0x15e MCAL/uart/uart.o

.debug_macinfo
 *(.debug_macinfo)

.debug_weaknames
 *(.debug_weaknames)

.debug_funcnames
 *(.debug_funcnames)

.debug_typenames
 *(.debug_typenames)

.debug_varnames
 *(.debug_varnames)

.debug_pubtypes
 *(.debug_pubtypes)

.debug_ranges   0x00000000      0x298
 *(.debug_ranges)
 .debug_ranges  0x00000000       0x38 APP/app.o
 .debug_ranges  0x00000038       0x50 ECUAL/eeprom/eeprom.o
 .debug_ranges  0x00000088       0x68 ECUAL/lcd/LCD.o
 .debug_ranges  0x000000f0       0x18 ECUAL/trigger/trigger.o
 .debug_ranges  0x00000108       0x10 main.o
 .debug_ranges  0x00000118       0x30 MCAL/dio/dio.o
 .debug_ranges  0x00000148       0x68 MCAL/i2c/i2c.o
 .debug_ranges  0x000001b0       0x40 MCAL/spi/spi.o
 .debug_ranges  0x000001f0       0x78 MCAL/timer/timer.o
 .debug_ranges  0x00000268       0x30 MCAL/uart/uart.o

.debug_macro
 *(.debug_macro)
OUTPUT(CARD.elf elf32-avr)
LOAD linker stubs
